// Jest Snapshot v1, https://goo.gl/fbAQLP

exports[`ColumnsDisplay Snapshot test 1`] = `
ShallowWrapper {
  Symbol(enzyme.__root__): [Circular],
  Symbol(enzyme.__unrendered__): <ColumnsDisplay
    columnsContent={
        Array [
            <div
              className="col-content"
        />,
            <div
              className="col-content"
        />,
          ]
    }
    columnsNumber={4}
/>,
  Symbol(enzyme.__renderer__): Object {
    "batchedUpdates": [Function],
    "checkPropTypes": [Function],
    "getNode": [Function],
    "render": [Function],
    "simulateError": [Function],
    "simulateEvent": [Function],
    "unmount": [Function],
  },
  Symbol(enzyme.__node__): Object {
    "instance": null,
    "key": undefined,
    "nodeType": "function",
    "props": Object {
      "children": Array [
        <Unknown
          columnsNumber={4}
>
          <div
                    className="col-content"
          />
</Unknown>,
        <Unknown
          columnsNumber={4}
>
          <div
                    className="col-content"
          />
</Unknown>,
      ],
    },
    "ref": null,
    "rendered": Array [
      Object {
        "instance": null,
        "key": "0",
        "nodeType": "function",
        "props": Object {
          "children": <div
            className="col-content"
/>,
          "columnsNumber": 4,
        },
        "ref": null,
        "rendered": Object {
          "instance": null,
          "key": "1",
          "nodeType": "host",
          "props": Object {
            "className": "col-content",
          },
          "ref": null,
          "rendered": null,
          "type": "div",
        },
        "type": Object {
          "$$typeof": Symbol(react.forward_ref),
          "attrs": Array [],
          "componentStyle": ComponentStyle {
            "componentId": "sc-bwzfXH",
            "isStatic": false,
            "rules": Array [
              "
    position: relative;
    padding-left: 1em;
    flex-direction: column;
    display: flex;
    text-align: center;
    border-right: 1px solid #999999;
    width: ",
              [Function],
              "

    &:last-child {
        border-right: none;
    }
",
            ],
          },
          "displayName": "styled.div",
          "foldedComponentIds": Array [],
          "render": [Function],
          "styledComponentId": "sc-bwzfXH",
          "target": "div",
          "toString": [Function],
          "warnTooManyClasses": [Function],
          "withComponent": [Function],
        },
      },
      Object {
        "instance": null,
        "key": "1",
        "nodeType": "function",
        "props": Object {
          "children": <div
            className="col-content"
/>,
          "columnsNumber": 4,
        },
        "ref": null,
        "rendered": Object {
          "instance": null,
          "key": "2",
          "nodeType": "host",
          "props": Object {
            "className": "col-content",
          },
          "ref": null,
          "rendered": null,
          "type": "div",
        },
        "type": Object {
          "$$typeof": Symbol(react.forward_ref),
          "attrs": Array [],
          "componentStyle": ComponentStyle {
            "componentId": "sc-bwzfXH",
            "isStatic": false,
            "rules": Array [
              "
    position: relative;
    padding-left: 1em;
    flex-direction: column;
    display: flex;
    text-align: center;
    border-right: 1px solid #999999;
    width: ",
              [Function],
              "

    &:last-child {
        border-right: none;
    }
",
            ],
          },
          "displayName": "styled.div",
          "foldedComponentIds": Array [],
          "render": [Function],
          "styledComponentId": "sc-bwzfXH",
          "target": "div",
          "toString": [Function],
          "warnTooManyClasses": [Function],
          "withComponent": [Function],
        },
      },
    ],
    "type": Object {
      "$$typeof": Symbol(react.forward_ref),
      "attrs": Array [],
      "componentStyle": ComponentStyle {
        "componentId": "sc-bdVaJa",
        "isStatic": true,
        "rules": Array [
          "
    display: flex;
    flex-direction: row;
    justify-content: flex-start;
    height: 100%;
",
        ],
      },
      "displayName": "styled.div",
      "foldedComponentIds": Array [],
      "render": [Function],
      "styledComponentId": "sc-bdVaJa",
      "target": "div",
      "toString": [Function],
      "warnTooManyClasses": [Function],
      "withComponent": [Function],
    },
  },
  Symbol(enzyme.__nodes__): Array [
    Object {
      "instance": null,
      "key": undefined,
      "nodeType": "function",
      "props": Object {
        "children": Array [
          <Unknown
            columnsNumber={4}
>
            <div
                        className="col-content"
            />
</Unknown>,
          <Unknown
            columnsNumber={4}
>
            <div
                        className="col-content"
            />
</Unknown>,
        ],
      },
      "ref": null,
      "rendered": Array [
        Object {
          "instance": null,
          "key": "0",
          "nodeType": "function",
          "props": Object {
            "children": <div
              className="col-content"
/>,
            "columnsNumber": 4,
          },
          "ref": null,
          "rendered": Object {
            "instance": null,
            "key": "1",
            "nodeType": "host",
            "props": Object {
              "className": "col-content",
            },
            "ref": null,
            "rendered": null,
            "type": "div",
          },
          "type": Object {
            "$$typeof": Symbol(react.forward_ref),
            "attrs": Array [],
            "componentStyle": ComponentStyle {
              "componentId": "sc-bwzfXH",
              "isStatic": false,
              "rules": Array [
                "
    position: relative;
    padding-left: 1em;
    flex-direction: column;
    display: flex;
    text-align: center;
    border-right: 1px solid #999999;
    width: ",
                [Function],
                "

    &:last-child {
        border-right: none;
    }
",
              ],
            },
            "displayName": "styled.div",
            "foldedComponentIds": Array [],
            "render": [Function],
            "styledComponentId": "sc-bwzfXH",
            "target": "div",
            "toString": [Function],
            "warnTooManyClasses": [Function],
            "withComponent": [Function],
          },
        },
        Object {
          "instance": null,
          "key": "1",
          "nodeType": "function",
          "props": Object {
            "children": <div
              className="col-content"
/>,
            "columnsNumber": 4,
          },
          "ref": null,
          "rendered": Object {
            "instance": null,
            "key": "2",
            "nodeType": "host",
            "props": Object {
              "className": "col-content",
            },
            "ref": null,
            "rendered": null,
            "type": "div",
          },
          "type": Object {
            "$$typeof": Symbol(react.forward_ref),
            "attrs": Array [],
            "componentStyle": ComponentStyle {
              "componentId": "sc-bwzfXH",
              "isStatic": false,
              "rules": Array [
                "
    position: relative;
    padding-left: 1em;
    flex-direction: column;
    display: flex;
    text-align: center;
    border-right: 1px solid #999999;
    width: ",
                [Function],
                "

    &:last-child {
        border-right: none;
    }
",
              ],
            },
            "displayName": "styled.div",
            "foldedComponentIds": Array [],
            "render": [Function],
            "styledComponentId": "sc-bwzfXH",
            "target": "div",
            "toString": [Function],
            "warnTooManyClasses": [Function],
            "withComponent": [Function],
          },
        },
      ],
      "type": Object {
        "$$typeof": Symbol(react.forward_ref),
        "attrs": Array [],
        "componentStyle": ComponentStyle {
          "componentId": "sc-bdVaJa",
          "isStatic": true,
          "rules": Array [
            "
    display: flex;
    flex-direction: row;
    justify-content: flex-start;
    height: 100%;
",
          ],
        },
        "displayName": "styled.div",
        "foldedComponentIds": Array [],
        "render": [Function],
        "styledComponentId": "sc-bdVaJa",
        "target": "div",
        "toString": [Function],
        "warnTooManyClasses": [Function],
        "withComponent": [Function],
      },
    },
  ],
  Symbol(enzyme.__options__): Object {
    "adapter": ReactSixteenAdapter {
      "options": Object {
        "enableComponentDidUpdateOnSetState": true,
        "legacyContextMode": "parent",
        "lifecycles": Object {
          "componentDidUpdate": Object {
            "onSetState": true,
          },
          "getChildContext": Object {
            "calledByRenderer": false,
          },
          "getDerivedStateFromProps": true,
          "getSnapshotBeforeUpdate": true,
          "setState": Object {
            "skipsComponentDidUpdateOnNullish": true,
          },
        },
      },
    },
  },
}
`;
