// Jest Snapshot v1, https://goo.gl/fbAQLP

exports[`AttributesSelectionList Snapshot test 1`] = `
<table
  className="ui selectable striped table"
>
  <thead
    className=""
  >
    <tr
      className=""
    >
      <th
        className=""
      />
      <th
        className=""
      >
        attributes.label
      </th>
      <th
        className=""
      >
        attributes.ID
      </th>
    </tr>
  </thead>
  <tbody
    className=""
  >
    <tr
      className=""
      onClick={[Function]}
    >
      <td
        className=""
      >
        <div
          className="ui fitted read-only checkbox"
          onChange={[Function]}
          onClick={[Function]}
          onMouseDown={[Function]}
          onMouseUp={[Function]}
        >
          <input
            checked={false}
            className="hidden"
            readOnly={true}
            tabIndex={0}
            type="checkbox"
          />
          <label />
        </div>
      </td>
      <td
        className=""
      >
        Test
      </td>
      <td
        className=""
      >
        test_attr
      </td>
    </tr>
  </tbody>
</table>
`;
