// Jest Snapshot v1, https://goo.gl/fbAQLP

exports[`LinkField Snapshot test 1`] = `
LoadedCheerio {
  "0": Node {
    "attribs": {
      "class": "ui celled striped table",
    },
    "children": [
      Node {
        "attribs": {
          "class": "",
        },
        "children": [
          Node {
            "attribs": {
              "class": "",
            },
            "children": [
              Node {
                "attribs": {
                  "class": "",
                  "colspan": "3",
                },
                "children": [],
                "name": "th",
                "namespace": "http://www.w3.org/1999/xhtml",
                "next": null,
                "parent": [Circular],
                "prev": null,
                "type": "tag",
                "x-attribsNamespace": {
                  "class": undefined,
                  "colspan": undefined,
                },
                "x-attribsPrefix": {
                  "class": undefined,
                  "colspan": undefined,
                },
              },
            ],
            "name": "tr",
            "namespace": "http://www.w3.org/1999/xhtml",
            "next": null,
            "parent": [Circular],
            "prev": null,
            "type": "tag",
            "x-attribsNamespace": {
              "class": undefined,
            },
            "x-attribsPrefix": {
              "class": undefined,
            },
          },
        ],
        "name": "thead",
        "namespace": "http://www.w3.org/1999/xhtml",
        "next": Node {
          "attribs": {
            "class": "",
          },
          "children": [
            Node {
              "attribs": {
                "class": "",
              },
              "children": [
                Node {
                  "attribs": {
                    "class": "four wide",
                  },
                  "children": [
                    Node {
                      "attribs": {
                        "class": "sc-dmyDmy dvHVUk",
                      },
                      "children": [
                        Node {
                          "attribs": {
                            "class": "sc-beyTiQ hWIlmA",
                          },
                          "children": [],
                          "name": "div",
                          "namespace": "http://www.w3.org/1999/xhtml",
                          "next": Node {
                            "attribs": {
                              "class": "sc-guDMob kNMMZN",
                            },
                            "children": [],
                            "name": "div",
                            "namespace": "http://www.w3.org/1999/xhtml",
                            "next": null,
                            "parent": [Circular],
                            "prev": [Circular],
                            "type": "tag",
                            "x-attribsNamespace": {
                              "class": undefined,
                            },
                            "x-attribsPrefix": {
                              "class": undefined,
                            },
                          },
                          "parent": [Circular],
                          "prev": null,
                          "type": "tag",
                          "x-attribsNamespace": {
                            "class": undefined,
                          },
                          "x-attribsPrefix": {
                            "class": undefined,
                          },
                        },
                        Node {
                          "attribs": {
                            "class": "sc-guDMob kNMMZN",
                          },
                          "children": [],
                          "name": "div",
                          "namespace": "http://www.w3.org/1999/xhtml",
                          "next": null,
                          "parent": [Circular],
                          "prev": Node {
                            "attribs": {
                              "class": "sc-beyTiQ hWIlmA",
                            },
                            "children": [],
                            "name": "div",
                            "namespace": "http://www.w3.org/1999/xhtml",
                            "next": [Circular],
                            "parent": [Circular],
                            "prev": null,
                            "type": "tag",
                            "x-attribsNamespace": {
                              "class": undefined,
                            },
                            "x-attribsPrefix": {
                              "class": undefined,
                            },
                          },
                          "type": "tag",
                          "x-attribsNamespace": {
                            "class": undefined,
                          },
                          "x-attribsPrefix": {
                            "class": undefined,
                          },
                        },
                      ],
                      "name": "div",
                      "namespace": "http://www.w3.org/1999/xhtml",
                      "next": null,
                      "parent": [Circular],
                      "prev": null,
                      "type": "tag",
                      "x-attribsNamespace": {
                        "class": undefined,
                      },
                      "x-attribsPrefix": {
                        "class": undefined,
                      },
                    },
                  ],
                  "name": "td",
                  "namespace": "http://www.w3.org/1999/xhtml",
                  "next": Node {
                    "attribs": {
                      "class": "six wide",
                    },
                    "children": [
                      Node {
                        "attribs": {
                          "class": "sc-guDMob kNMMZN",
                        },
                        "children": [],
                        "name": "div",
                        "namespace": "http://www.w3.org/1999/xhtml",
                        "next": null,
                        "parent": [Circular],
                        "prev": null,
                        "type": "tag",
                        "x-attribsNamespace": {
                          "class": undefined,
                        },
                        "x-attribsPrefix": {
                          "class": undefined,
                        },
                      },
                    ],
                    "name": "td",
                    "namespace": "http://www.w3.org/1999/xhtml",
                    "next": Node {
                      "attribs": {
                        "class": "six wide",
                      },
                      "children": [
                        Node {
                          "attribs": {
                            "class": "sc-guDMob kNMMZN",
                          },
                          "children": [],
                          "name": "div",
                          "namespace": "http://www.w3.org/1999/xhtml",
                          "next": null,
                          "parent": [Circular],
                          "prev": null,
                          "type": "tag",
                          "x-attribsNamespace": {
                            "class": undefined,
                          },
                          "x-attribsPrefix": {
                            "class": undefined,
                          },
                        },
                      ],
                      "name": "td",
                      "namespace": "http://www.w3.org/1999/xhtml",
                      "next": null,
                      "parent": [Circular],
                      "prev": [Circular],
                      "type": "tag",
                      "x-attribsNamespace": {
                        "class": undefined,
                      },
                      "x-attribsPrefix": {
                        "class": undefined,
                      },
                    },
                    "parent": [Circular],
                    "prev": [Circular],
                    "type": "tag",
                    "x-attribsNamespace": {
                      "class": undefined,
                    },
                    "x-attribsPrefix": {
                      "class": undefined,
                    },
                  },
                  "parent": [Circular],
                  "prev": null,
                  "type": "tag",
                  "x-attribsNamespace": {
                    "class": undefined,
                  },
                  "x-attribsPrefix": {
                    "class": undefined,
                  },
                },
                Node {
                  "attribs": {
                    "class": "six wide",
                  },
                  "children": [
                    Node {
                      "attribs": {
                        "class": "sc-guDMob kNMMZN",
                      },
                      "children": [],
                      "name": "div",
                      "namespace": "http://www.w3.org/1999/xhtml",
                      "next": null,
                      "parent": [Circular],
                      "prev": null,
                      "type": "tag",
                      "x-attribsNamespace": {
                        "class": undefined,
                      },
                      "x-attribsPrefix": {
                        "class": undefined,
                      },
                    },
                  ],
                  "name": "td",
                  "namespace": "http://www.w3.org/1999/xhtml",
                  "next": Node {
                    "attribs": {
                      "class": "six wide",
                    },
                    "children": [
                      Node {
                        "attribs": {
                          "class": "sc-guDMob kNMMZN",
                        },
                        "children": [],
                        "name": "div",
                        "namespace": "http://www.w3.org/1999/xhtml",
                        "next": null,
                        "parent": [Circular],
                        "prev": null,
                        "type": "tag",
                        "x-attribsNamespace": {
                          "class": undefined,
                        },
                        "x-attribsPrefix": {
                          "class": undefined,
                        },
                      },
                    ],
                    "name": "td",
                    "namespace": "http://www.w3.org/1999/xhtml",
                    "next": null,
                    "parent": [Circular],
                    "prev": [Circular],
                    "type": "tag",
                    "x-attribsNamespace": {
                      "class": undefined,
                    },
                    "x-attribsPrefix": {
                      "class": undefined,
                    },
                  },
                  "parent": [Circular],
                  "prev": Node {
                    "attribs": {
                      "class": "four wide",
                    },
                    "children": [
                      Node {
                        "attribs": {
                          "class": "sc-dmyDmy dvHVUk",
                        },
                        "children": [
                          Node {
                            "attribs": {
                              "class": "sc-beyTiQ hWIlmA",
                            },
                            "children": [],
                            "name": "div",
                            "namespace": "http://www.w3.org/1999/xhtml",
                            "next": Node {
                              "attribs": {
                                "class": "sc-guDMob kNMMZN",
                              },
                              "children": [],
                              "name": "div",
                              "namespace": "http://www.w3.org/1999/xhtml",
                              "next": null,
                              "parent": [Circular],
                              "prev": [Circular],
                              "type": "tag",
                              "x-attribsNamespace": {
                                "class": undefined,
                              },
                              "x-attribsPrefix": {
                                "class": undefined,
                              },
                            },
                            "parent": [Circular],
                            "prev": null,
                            "type": "tag",
                            "x-attribsNamespace": {
                              "class": undefined,
                            },
                            "x-attribsPrefix": {
                              "class": undefined,
                            },
                          },
                          Node {
                            "attribs": {
                              "class": "sc-guDMob kNMMZN",
                            },
                            "children": [],
                            "name": "div",
                            "namespace": "http://www.w3.org/1999/xhtml",
                            "next": null,
                            "parent": [Circular],
                            "prev": Node {
                              "attribs": {
                                "class": "sc-beyTiQ hWIlmA",
                              },
                              "children": [],
                              "name": "div",
                              "namespace": "http://www.w3.org/1999/xhtml",
                              "next": [Circular],
                              "parent": [Circular],
                              "prev": null,
                              "type": "tag",
                              "x-attribsNamespace": {
                                "class": undefined,
                              },
                              "x-attribsPrefix": {
                                "class": undefined,
                              },
                            },
                            "type": "tag",
                            "x-attribsNamespace": {
                              "class": undefined,
                            },
                            "x-attribsPrefix": {
                              "class": undefined,
                            },
                          },
                        ],
                        "name": "div",
                        "namespace": "http://www.w3.org/1999/xhtml",
                        "next": null,
                        "parent": [Circular],
                        "prev": null,
                        "type": "tag",
                        "x-attribsNamespace": {
                          "class": undefined,
                        },
                        "x-attribsPrefix": {
                          "class": undefined,
                        },
                      },
                    ],
                    "name": "td",
                    "namespace": "http://www.w3.org/1999/xhtml",
                    "next": [Circular],
                    "parent": [Circular],
                    "prev": null,
                    "type": "tag",
                    "x-attribsNamespace": {
                      "class": undefined,
                    },
                    "x-attribsPrefix": {
                      "class": undefined,
                    },
                  },
                  "type": "tag",
                  "x-attribsNamespace": {
                    "class": undefined,
                  },
                  "x-attribsPrefix": {
                    "class": undefined,
                  },
                },
                Node {
                  "attribs": {
                    "class": "six wide",
                  },
                  "children": [
                    Node {
                      "attribs": {
                        "class": "sc-guDMob kNMMZN",
                      },
                      "children": [],
                      "name": "div",
                      "namespace": "http://www.w3.org/1999/xhtml",
                      "next": null,
                      "parent": [Circular],
                      "prev": null,
                      "type": "tag",
                      "x-attribsNamespace": {
                        "class": undefined,
                      },
                      "x-attribsPrefix": {
                        "class": undefined,
                      },
                    },
                  ],
                  "name": "td",
                  "namespace": "http://www.w3.org/1999/xhtml",
                  "next": null,
                  "parent": [Circular],
                  "prev": Node {
                    "attribs": {
                      "class": "six wide",
                    },
                    "children": [
                      Node {
                        "attribs": {
                          "class": "sc-guDMob kNMMZN",
                        },
                        "children": [],
                        "name": "div",
                        "namespace": "http://www.w3.org/1999/xhtml",
                        "next": null,
                        "parent": [Circular],
                        "prev": null,
                        "type": "tag",
                        "x-attribsNamespace": {
                          "class": undefined,
                        },
                        "x-attribsPrefix": {
                          "class": undefined,
                        },
                      },
                    ],
                    "name": "td",
                    "namespace": "http://www.w3.org/1999/xhtml",
                    "next": [Circular],
                    "parent": [Circular],
                    "prev": Node {
                      "attribs": {
                        "class": "four wide",
                      },
                      "children": [
                        Node {
                          "attribs": {
                            "class": "sc-dmyDmy dvHVUk",
                          },
                          "children": [
                            Node {
                              "attribs": {
                                "class": "sc-beyTiQ hWIlmA",
                              },
                              "children": [],
                              "name": "div",
                              "namespace": "http://www.w3.org/1999/xhtml",
                              "next": Node {
                                "attribs": {
                                  "class": "sc-guDMob kNMMZN",
                                },
                                "children": [],
                                "name": "div",
                                "namespace": "http://www.w3.org/1999/xhtml",
                                "next": null,
                                "parent": [Circular],
                                "prev": [Circular],
                                "type": "tag",
                                "x-attribsNamespace": {
                                  "class": undefined,
                                },
                                "x-attribsPrefix": {
                                  "class": undefined,
                                },
                              },
                              "parent": [Circular],
                              "prev": null,
                              "type": "tag",
                              "x-attribsNamespace": {
                                "class": undefined,
                              },
                              "x-attribsPrefix": {
                                "class": undefined,
                              },
                            },
                            Node {
                              "attribs": {
                                "class": "sc-guDMob kNMMZN",
                              },
                              "children": [],
                              "name": "div",
                              "namespace": "http://www.w3.org/1999/xhtml",
                              "next": null,
                              "parent": [Circular],
                              "prev": Node {
                                "attribs": {
                                  "class": "sc-beyTiQ hWIlmA",
                                },
                                "children": [],
                                "name": "div",
                                "namespace": "http://www.w3.org/1999/xhtml",
                                "next": [Circular],
                                "parent": [Circular],
                                "prev": null,
                                "type": "tag",
                                "x-attribsNamespace": {
                                  "class": undefined,
                                },
                                "x-attribsPrefix": {
                                  "class": undefined,
                                },
                              },
                              "type": "tag",
                              "x-attribsNamespace": {
                                "class": undefined,
                              },
                              "x-attribsPrefix": {
                                "class": undefined,
                              },
                            },
                          ],
                          "name": "div",
                          "namespace": "http://www.w3.org/1999/xhtml",
                          "next": null,
                          "parent": [Circular],
                          "prev": null,
                          "type": "tag",
                          "x-attribsNamespace": {
                            "class": undefined,
                          },
                          "x-attribsPrefix": {
                            "class": undefined,
                          },
                        },
                      ],
                      "name": "td",
                      "namespace": "http://www.w3.org/1999/xhtml",
                      "next": [Circular],
                      "parent": [Circular],
                      "prev": null,
                      "type": "tag",
                      "x-attribsNamespace": {
                        "class": undefined,
                      },
                      "x-attribsPrefix": {
                        "class": undefined,
                      },
                    },
                    "type": "tag",
                    "x-attribsNamespace": {
                      "class": undefined,
                    },
                    "x-attribsPrefix": {
                      "class": undefined,
                    },
                  },
                  "type": "tag",
                  "x-attribsNamespace": {
                    "class": undefined,
                  },
                  "x-attribsPrefix": {
                    "class": undefined,
                  },
                },
              ],
              "name": "tr",
              "namespace": "http://www.w3.org/1999/xhtml",
              "next": null,
              "parent": [Circular],
              "prev": null,
              "type": "tag",
              "x-attribsNamespace": {
                "class": undefined,
              },
              "x-attribsPrefix": {
                "class": undefined,
              },
            },
          ],
          "name": "tbody",
          "namespace": "http://www.w3.org/1999/xhtml",
          "next": null,
          "parent": [Circular],
          "prev": [Circular],
          "type": "tag",
          "x-attribsNamespace": {
            "class": undefined,
          },
          "x-attribsPrefix": {
            "class": undefined,
          },
        },
        "parent": [Circular],
        "prev": null,
        "type": "tag",
        "x-attribsNamespace": {
          "class": undefined,
        },
        "x-attribsPrefix": {
          "class": undefined,
        },
      },
      Node {
        "attribs": {
          "class": "",
        },
        "children": [
          Node {
            "attribs": {
              "class": "",
            },
            "children": [
              Node {
                "attribs": {
                  "class": "four wide",
                },
                "children": [
                  Node {
                    "attribs": {
                      "class": "sc-dmyDmy dvHVUk",
                    },
                    "children": [
                      Node {
                        "attribs": {
                          "class": "sc-beyTiQ hWIlmA",
                        },
                        "children": [],
                        "name": "div",
                        "namespace": "http://www.w3.org/1999/xhtml",
                        "next": Node {
                          "attribs": {
                            "class": "sc-guDMob kNMMZN",
                          },
                          "children": [],
                          "name": "div",
                          "namespace": "http://www.w3.org/1999/xhtml",
                          "next": null,
                          "parent": [Circular],
                          "prev": [Circular],
                          "type": "tag",
                          "x-attribsNamespace": {
                            "class": undefined,
                          },
                          "x-attribsPrefix": {
                            "class": undefined,
                          },
                        },
                        "parent": [Circular],
                        "prev": null,
                        "type": "tag",
                        "x-attribsNamespace": {
                          "class": undefined,
                        },
                        "x-attribsPrefix": {
                          "class": undefined,
                        },
                      },
                      Node {
                        "attribs": {
                          "class": "sc-guDMob kNMMZN",
                        },
                        "children": [],
                        "name": "div",
                        "namespace": "http://www.w3.org/1999/xhtml",
                        "next": null,
                        "parent": [Circular],
                        "prev": Node {
                          "attribs": {
                            "class": "sc-beyTiQ hWIlmA",
                          },
                          "children": [],
                          "name": "div",
                          "namespace": "http://www.w3.org/1999/xhtml",
                          "next": [Circular],
                          "parent": [Circular],
                          "prev": null,
                          "type": "tag",
                          "x-attribsNamespace": {
                            "class": undefined,
                          },
                          "x-attribsPrefix": {
                            "class": undefined,
                          },
                        },
                        "type": "tag",
                        "x-attribsNamespace": {
                          "class": undefined,
                        },
                        "x-attribsPrefix": {
                          "class": undefined,
                        },
                      },
                    ],
                    "name": "div",
                    "namespace": "http://www.w3.org/1999/xhtml",
                    "next": null,
                    "parent": [Circular],
                    "prev": null,
                    "type": "tag",
                    "x-attribsNamespace": {
                      "class": undefined,
                    },
                    "x-attribsPrefix": {
                      "class": undefined,
                    },
                  },
                ],
                "name": "td",
                "namespace": "http://www.w3.org/1999/xhtml",
                "next": Node {
                  "attribs": {
                    "class": "six wide",
                  },
                  "children": [
                    Node {
                      "attribs": {
                        "class": "sc-guDMob kNMMZN",
                      },
                      "children": [],
                      "name": "div",
                      "namespace": "http://www.w3.org/1999/xhtml",
                      "next": null,
                      "parent": [Circular],
                      "prev": null,
                      "type": "tag",
                      "x-attribsNamespace": {
                        "class": undefined,
                      },
                      "x-attribsPrefix": {
                        "class": undefined,
                      },
                    },
                  ],
                  "name": "td",
                  "namespace": "http://www.w3.org/1999/xhtml",
                  "next": Node {
                    "attribs": {
                      "class": "six wide",
                    },
                    "children": [
                      Node {
                        "attribs": {
                          "class": "sc-guDMob kNMMZN",
                        },
                        "children": [],
                        "name": "div",
                        "namespace": "http://www.w3.org/1999/xhtml",
                        "next": null,
                        "parent": [Circular],
                        "prev": null,
                        "type": "tag",
                        "x-attribsNamespace": {
                          "class": undefined,
                        },
                        "x-attribsPrefix": {
                          "class": undefined,
                        },
                      },
                    ],
                    "name": "td",
                    "namespace": "http://www.w3.org/1999/xhtml",
                    "next": null,
                    "parent": [Circular],
                    "prev": [Circular],
                    "type": "tag",
                    "x-attribsNamespace": {
                      "class": undefined,
                    },
                    "x-attribsPrefix": {
                      "class": undefined,
                    },
                  },
                  "parent": [Circular],
                  "prev": [Circular],
                  "type": "tag",
                  "x-attribsNamespace": {
                    "class": undefined,
                  },
                  "x-attribsPrefix": {
                    "class": undefined,
                  },
                },
                "parent": [Circular],
                "prev": null,
                "type": "tag",
                "x-attribsNamespace": {
                  "class": undefined,
                },
                "x-attribsPrefix": {
                  "class": undefined,
                },
              },
              Node {
                "attribs": {
                  "class": "six wide",
                },
                "children": [
                  Node {
                    "attribs": {
                      "class": "sc-guDMob kNMMZN",
                    },
                    "children": [],
                    "name": "div",
                    "namespace": "http://www.w3.org/1999/xhtml",
                    "next": null,
                    "parent": [Circular],
                    "prev": null,
                    "type": "tag",
                    "x-attribsNamespace": {
                      "class": undefined,
                    },
                    "x-attribsPrefix": {
                      "class": undefined,
                    },
                  },
                ],
                "name": "td",
                "namespace": "http://www.w3.org/1999/xhtml",
                "next": Node {
                  "attribs": {
                    "class": "six wide",
                  },
                  "children": [
                    Node {
                      "attribs": {
                        "class": "sc-guDMob kNMMZN",
                      },
                      "children": [],
                      "name": "div",
                      "namespace": "http://www.w3.org/1999/xhtml",
                      "next": null,
                      "parent": [Circular],
                      "prev": null,
                      "type": "tag",
                      "x-attribsNamespace": {
                        "class": undefined,
                      },
                      "x-attribsPrefix": {
                        "class": undefined,
                      },
                    },
                  ],
                  "name": "td",
                  "namespace": "http://www.w3.org/1999/xhtml",
                  "next": null,
                  "parent": [Circular],
                  "prev": [Circular],
                  "type": "tag",
                  "x-attribsNamespace": {
                    "class": undefined,
                  },
                  "x-attribsPrefix": {
                    "class": undefined,
                  },
                },
                "parent": [Circular],
                "prev": Node {
                  "attribs": {
                    "class": "four wide",
                  },
                  "children": [
                    Node {
                      "attribs": {
                        "class": "sc-dmyDmy dvHVUk",
                      },
                      "children": [
                        Node {
                          "attribs": {
                            "class": "sc-beyTiQ hWIlmA",
                          },
                          "children": [],
                          "name": "div",
                          "namespace": "http://www.w3.org/1999/xhtml",
                          "next": Node {
                            "attribs": {
                              "class": "sc-guDMob kNMMZN",
                            },
                            "children": [],
                            "name": "div",
                            "namespace": "http://www.w3.org/1999/xhtml",
                            "next": null,
                            "parent": [Circular],
                            "prev": [Circular],
                            "type": "tag",
                            "x-attribsNamespace": {
                              "class": undefined,
                            },
                            "x-attribsPrefix": {
                              "class": undefined,
                            },
                          },
                          "parent": [Circular],
                          "prev": null,
                          "type": "tag",
                          "x-attribsNamespace": {
                            "class": undefined,
                          },
                          "x-attribsPrefix": {
                            "class": undefined,
                          },
                        },
                        Node {
                          "attribs": {
                            "class": "sc-guDMob kNMMZN",
                          },
                          "children": [],
                          "name": "div",
                          "namespace": "http://www.w3.org/1999/xhtml",
                          "next": null,
                          "parent": [Circular],
                          "prev": Node {
                            "attribs": {
                              "class": "sc-beyTiQ hWIlmA",
                            },
                            "children": [],
                            "name": "div",
                            "namespace": "http://www.w3.org/1999/xhtml",
                            "next": [Circular],
                            "parent": [Circular],
                            "prev": null,
                            "type": "tag",
                            "x-attribsNamespace": {
                              "class": undefined,
                            },
                            "x-attribsPrefix": {
                              "class": undefined,
                            },
                          },
                          "type": "tag",
                          "x-attribsNamespace": {
                            "class": undefined,
                          },
                          "x-attribsPrefix": {
                            "class": undefined,
                          },
                        },
                      ],
                      "name": "div",
                      "namespace": "http://www.w3.org/1999/xhtml",
                      "next": null,
                      "parent": [Circular],
                      "prev": null,
                      "type": "tag",
                      "x-attribsNamespace": {
                        "class": undefined,
                      },
                      "x-attribsPrefix": {
                        "class": undefined,
                      },
                    },
                  ],
                  "name": "td",
                  "namespace": "http://www.w3.org/1999/xhtml",
                  "next": [Circular],
                  "parent": [Circular],
                  "prev": null,
                  "type": "tag",
                  "x-attribsNamespace": {
                    "class": undefined,
                  },
                  "x-attribsPrefix": {
                    "class": undefined,
                  },
                },
                "type": "tag",
                "x-attribsNamespace": {
                  "class": undefined,
                },
                "x-attribsPrefix": {
                  "class": undefined,
                },
              },
              Node {
                "attribs": {
                  "class": "six wide",
                },
                "children": [
                  Node {
                    "attribs": {
                      "class": "sc-guDMob kNMMZN",
                    },
                    "children": [],
                    "name": "div",
                    "namespace": "http://www.w3.org/1999/xhtml",
                    "next": null,
                    "parent": [Circular],
                    "prev": null,
                    "type": "tag",
                    "x-attribsNamespace": {
                      "class": undefined,
                    },
                    "x-attribsPrefix": {
                      "class": undefined,
                    },
                  },
                ],
                "name": "td",
                "namespace": "http://www.w3.org/1999/xhtml",
                "next": null,
                "parent": [Circular],
                "prev": Node {
                  "attribs": {
                    "class": "six wide",
                  },
                  "children": [
                    Node {
                      "attribs": {
                        "class": "sc-guDMob kNMMZN",
                      },
                      "children": [],
                      "name": "div",
                      "namespace": "http://www.w3.org/1999/xhtml",
                      "next": null,
                      "parent": [Circular],
                      "prev": null,
                      "type": "tag",
                      "x-attribsNamespace": {
                        "class": undefined,
                      },
                      "x-attribsPrefix": {
                        "class": undefined,
                      },
                    },
                  ],
                  "name": "td",
                  "namespace": "http://www.w3.org/1999/xhtml",
                  "next": [Circular],
                  "parent": [Circular],
                  "prev": Node {
                    "attribs": {
                      "class": "four wide",
                    },
                    "children": [
                      Node {
                        "attribs": {
                          "class": "sc-dmyDmy dvHVUk",
                        },
                        "children": [
                          Node {
                            "attribs": {
                              "class": "sc-beyTiQ hWIlmA",
                            },
                            "children": [],
                            "name": "div",
                            "namespace": "http://www.w3.org/1999/xhtml",
                            "next": Node {
                              "attribs": {
                                "class": "sc-guDMob kNMMZN",
                              },
                              "children": [],
                              "name": "div",
                              "namespace": "http://www.w3.org/1999/xhtml",
                              "next": null,
                              "parent": [Circular],
                              "prev": [Circular],
                              "type": "tag",
                              "x-attribsNamespace": {
                                "class": undefined,
                              },
                              "x-attribsPrefix": {
                                "class": undefined,
                              },
                            },
                            "parent": [Circular],
                            "prev": null,
                            "type": "tag",
                            "x-attribsNamespace": {
                              "class": undefined,
                            },
                            "x-attribsPrefix": {
                              "class": undefined,
                            },
                          },
                          Node {
                            "attribs": {
                              "class": "sc-guDMob kNMMZN",
                            },
                            "children": [],
                            "name": "div",
                            "namespace": "http://www.w3.org/1999/xhtml",
                            "next": null,
                            "parent": [Circular],
                            "prev": Node {
                              "attribs": {
                                "class": "sc-beyTiQ hWIlmA",
                              },
                              "children": [],
                              "name": "div",
                              "namespace": "http://www.w3.org/1999/xhtml",
                              "next": [Circular],
                              "parent": [Circular],
                              "prev": null,
                              "type": "tag",
                              "x-attribsNamespace": {
                                "class": undefined,
                              },
                              "x-attribsPrefix": {
                                "class": undefined,
                              },
                            },
                            "type": "tag",
                            "x-attribsNamespace": {
                              "class": undefined,
                            },
                            "x-attribsPrefix": {
                              "class": undefined,
                            },
                          },
                        ],
                        "name": "div",
                        "namespace": "http://www.w3.org/1999/xhtml",
                        "next": null,
                        "parent": [Circular],
                        "prev": null,
                        "type": "tag",
                        "x-attribsNamespace": {
                          "class": undefined,
                        },
                        "x-attribsPrefix": {
                          "class": undefined,
                        },
                      },
                    ],
                    "name": "td",
                    "namespace": "http://www.w3.org/1999/xhtml",
                    "next": [Circular],
                    "parent": [Circular],
                    "prev": null,
                    "type": "tag",
                    "x-attribsNamespace": {
                      "class": undefined,
                    },
                    "x-attribsPrefix": {
                      "class": undefined,
                    },
                  },
                  "type": "tag",
                  "x-attribsNamespace": {
                    "class": undefined,
                  },
                  "x-attribsPrefix": {
                    "class": undefined,
                  },
                },
                "type": "tag",
                "x-attribsNamespace": {
                  "class": undefined,
                },
                "x-attribsPrefix": {
                  "class": undefined,
                },
              },
            ],
            "name": "tr",
            "namespace": "http://www.w3.org/1999/xhtml",
            "next": null,
            "parent": [Circular],
            "prev": null,
            "type": "tag",
            "x-attribsNamespace": {
              "class": undefined,
            },
            "x-attribsPrefix": {
              "class": undefined,
            },
          },
        ],
        "name": "tbody",
        "namespace": "http://www.w3.org/1999/xhtml",
        "next": null,
        "parent": [Circular],
        "prev": Node {
          "attribs": {
            "class": "",
          },
          "children": [
            Node {
              "attribs": {
                "class": "",
              },
              "children": [
                Node {
                  "attribs": {
                    "class": "",
                    "colspan": "3",
                  },
                  "children": [],
                  "name": "th",
                  "namespace": "http://www.w3.org/1999/xhtml",
                  "next": null,
                  "parent": [Circular],
                  "prev": null,
                  "type": "tag",
                  "x-attribsNamespace": {
                    "class": undefined,
                    "colspan": undefined,
                  },
                  "x-attribsPrefix": {
                    "class": undefined,
                    "colspan": undefined,
                  },
                },
              ],
              "name": "tr",
              "namespace": "http://www.w3.org/1999/xhtml",
              "next": null,
              "parent": [Circular],
              "prev": null,
              "type": "tag",
              "x-attribsNamespace": {
                "class": undefined,
              },
              "x-attribsPrefix": {
                "class": undefined,
              },
            },
          ],
          "name": "thead",
          "namespace": "http://www.w3.org/1999/xhtml",
          "next": [Circular],
          "parent": [Circular],
          "prev": null,
          "type": "tag",
          "x-attribsNamespace": {
            "class": undefined,
          },
          "x-attribsPrefix": {
            "class": undefined,
          },
        },
        "type": "tag",
        "x-attribsNamespace": {
          "class": undefined,
        },
        "x-attribsPrefix": {
          "class": undefined,
        },
      },
    ],
    "name": "table",
    "namespace": "http://www.w3.org/1999/xhtml",
    "next": null,
    "parent": Node {
      "children": [
        [Circular],
      ],
      "name": "root",
      "next": null,
      "parent": null,
      "prev": null,
      "type": "root",
    },
    "prev": null,
    "type": "tag",
    "x-attribsNamespace": {
      "class": undefined,
    },
    "x-attribsPrefix": {
      "class": undefined,
    },
  },
  "_root": LoadedCheerio {
    "0": Node {
      "children": [
        Node {
          "attribs": {},
          "children": [
            Node {
              "attribs": {},
              "children": [],
              "name": "head",
              "namespace": "http://www.w3.org/1999/xhtml",
              "next": Node {
                "attribs": {},
                "children": [],
                "name": "body",
                "namespace": "http://www.w3.org/1999/xhtml",
                "next": null,
                "parent": [Circular],
                "prev": [Circular],
                "type": "tag",
                "x-attribsNamespace": {},
                "x-attribsPrefix": {},
              },
              "parent": [Circular],
              "prev": null,
              "type": "tag",
              "x-attribsNamespace": {},
              "x-attribsPrefix": {},
            },
            Node {
              "attribs": {},
              "children": [],
              "name": "body",
              "namespace": "http://www.w3.org/1999/xhtml",
              "next": null,
              "parent": [Circular],
              "prev": Node {
                "attribs": {},
                "children": [],
                "name": "head",
                "namespace": "http://www.w3.org/1999/xhtml",
                "next": [Circular],
                "parent": [Circular],
                "prev": null,
                "type": "tag",
                "x-attribsNamespace": {},
                "x-attribsPrefix": {},
              },
              "type": "tag",
              "x-attribsNamespace": {},
              "x-attribsPrefix": {},
            },
          ],
          "name": "html",
          "namespace": "http://www.w3.org/1999/xhtml",
          "next": null,
          "parent": [Circular],
          "prev": null,
          "type": "tag",
          "x-attribsNamespace": {},
          "x-attribsPrefix": {},
        },
      ],
      "name": "root",
      "next": null,
      "parent": null,
      "prev": null,
      "type": "root",
      "x-mode": "quirks",
    },
    "_root": [Circular],
    "length": 1,
    "options": {
      "decodeEntities": true,
      "xml": false,
    },
  },
  "length": 1,
  "options": {
    "decodeEntities": true,
    "xml": false,
  },
}
`;
