// Jest Snapshot v1, https://goo.gl/fbAQLP

exports[`Attributes Snapshot test 1`] = `
<div>
  <div
    className="ui grid"
  >
    <div
      className="left aligned left floated middle aligned eight wide column"
    >
      <div
        className="ui large header"
      >
        <i
          aria-hidden="true"
          className="folder outline icon"
        />
        
      </div>
    </div>
    <div
      className="right aligned right floated middle aligned three wide column"
    >
      <a
        className="ui medium icon left labeled button"
        disabled={undefined}
        href="/attributes/edit/"
        onClick={[Function]}
        role="button"
        tabIndex={undefined}
      >
        <i
          aria-hidden="true"
          className="plus icon"
        />
        
      </a>
    </div>
  </div>
  <table
    className="ui selectable striped table"
  >
    <thead
      className=""
    >
      <tr
        className=""
      >
        <th
          className="four wide"
        >
          
        </th>
        <th
          className="four wide"
        >
          
        </th>
        <th
          className="three wide"
        >
          
        </th>
        <th
          className="three wide"
        >
          
        </th>
        <th
          className="one wide"
        >
          
        </th>
        <th
          className="one wide"
        />
      </tr>
      <tr
        className="filters"
      >
        <th
          className=""
        >
          <div
            className="ui small fluid input"
          >
            <input
              disabled={undefined}
              name="label"
              onChange={[Function]}
              placeholder="..."
              tabIndex={undefined}
              type="text"
              value=""
            />
          </div>
        </th>
        <th
          className=""
        >
          <div
            className="ui small fluid input"
          >
            <input
              disabled={undefined}
              name="id"
              onChange={[Function]}
              placeholder="..."
              tabIndex={undefined}
              type="text"
              value=""
            />
          </div>
        </th>
        <th
          className=""
        >
          <div
            aria-busy={undefined}
            aria-disabled={undefined}
            aria-expanded={false}
            className="ui fluid multiple search selection dropdown"
            name="type"
            onBlur={[Function]}
            onChange={[Function]}
            onClick={[Function]}
            onFocus={[Function]}
            onMouseDown={[Function]}
            role="combobox"
            tabIndex={undefined}
          >
            <input
              aria-autocomplete="list"
              autoComplete="off"
              className="search"
              onChange={[Function]}
              style={
                Object {
                  "width": undefined,
                }
              }
              tabIndex={0}
              type="text"
              value=""
            />
            <span
              className="sizer"
            />
            <div
              aria-live="polite"
              className="default text"
              role="alert"
            >
              ...
            </div>
            <i
              aria-hidden="true"
              className="dropdown icon"
              onClick={[Function]}
            />
            <div
              aria-multiselectable={true}
              className="menu transition"
              role="listbox"
            >
              <div
                aria-checked={false}
                aria-disabled={undefined}
                aria-selected={true}
                className="selected item"
                onClick={[Function]}
                role="option"
                style={
                  Object {
                    "pointerEvents": "all",
                  }
                }
              >
                <span
                  className="text"
                >
                  
                </span>
              </div>
              <div
                aria-checked={false}
                aria-disabled={undefined}
                aria-selected={false}
                className="item"
                onClick={[Function]}
                role="option"
                style={
                  Object {
                    "pointerEvents": "all",
                  }
                }
              >
                <span
                  className="text"
                >
                  
                </span>
              </div>
              <div
                aria-checked={false}
                aria-disabled={undefined}
                aria-selected={false}
                className="item"
                onClick={[Function]}
                role="option"
                style={
                  Object {
                    "pointerEvents": "all",
                  }
                }
              >
                <span
                  className="text"
                >
                  
                </span>
              </div>
              <div
                aria-checked={false}
                aria-disabled={undefined}
                aria-selected={false}
                className="item"
                onClick={[Function]}
                role="option"
                style={
                  Object {
                    "pointerEvents": "all",
                  }
                }
              >
                <span
                  className="text"
                >
                  
                </span>
              </div>
              <div
                aria-checked={false}
                aria-disabled={undefined}
                aria-selected={false}
                className="item"
                onClick={[Function]}
                role="option"
                style={
                  Object {
                    "pointerEvents": "all",
                  }
                }
              >
                <span
                  className="text"
                >
                  
                </span>
              </div>
            </div>
          </div>
        </th>
        <th
          className=""
        >
          <div
            aria-busy={undefined}
            aria-disabled={undefined}
            aria-expanded={false}
            className="ui fluid multiple search selection dropdown"
            name="format"
            onBlur={[Function]}
            onChange={[Function]}
            onClick={[Function]}
            onFocus={[Function]}
            onMouseDown={[Function]}
            role="combobox"
            tabIndex={undefined}
          >
            <input
              aria-autocomplete="list"
              autoComplete="off"
              className="search"
              onChange={[Function]}
              style={
                Object {
                  "width": undefined,
                }
              }
              tabIndex={0}
              type="text"
              value=""
            />
            <span
              className="sizer"
            />
            <div
              aria-live="polite"
              className="default text"
              role="alert"
            >
              ...
            </div>
            <i
              aria-hidden="true"
              className="dropdown icon"
              onClick={[Function]}
            />
            <div
              aria-multiselectable={true}
              className="menu transition"
              role="listbox"
            >
              <div
                aria-checked={false}
                aria-disabled={undefined}
                aria-selected={true}
                className="selected item"
                onClick={[Function]}
                role="option"
                style={
                  Object {
                    "pointerEvents": "all",
                  }
                }
              >
                <span
                  className="text"
                >
                  
                </span>
              </div>
              <div
                aria-checked={false}
                aria-disabled={undefined}
                aria-selected={false}
                className="item"
                onClick={[Function]}
                role="option"
                style={
                  Object {
                    "pointerEvents": "all",
                  }
                }
              >
                <span
                  className="text"
                >
                  
                </span>
              </div>
              <div
                aria-checked={false}
                aria-disabled={undefined}
                aria-selected={false}
                className="item"
                onClick={[Function]}
                role="option"
                style={
                  Object {
                    "pointerEvents": "all",
                  }
                }
              >
                <span
                  className="text"
                >
                  
                </span>
              </div>
              <div
                aria-checked={false}
                aria-disabled={undefined}
                aria-selected={false}
                className="item"
                onClick={[Function]}
                role="option"
                style={
                  Object {
                    "pointerEvents": "all",
                  }
                }
              >
                <span
                  className="text"
                >
                  
                </span>
              </div>
              <div
                aria-checked={false}
                aria-disabled={undefined}
                aria-selected={false}
                className="item"
                onClick={[Function]}
                role="option"
                style={
                  Object {
                    "pointerEvents": "all",
                  }
                }
              >
                <span
                  className="text"
                >
                  
                </span>
              </div>
              <div
                aria-checked={false}
                aria-disabled={undefined}
                aria-selected={false}
                className="item"
                onClick={[Function]}
                role="option"
                style={
                  Object {
                    "pointerEvents": "all",
                  }
                }
              >
                <span
                  className="text"
                >
                  
                </span>
              </div>
            </div>
          </div>
        </th>
        <th
          className=""
        >
          <div
            className="ui indeterminate fitted checkbox"
            onChange={[Function]}
            onClick={[Function]}
            onMouseDown={[Function]}
          >
            <input
              checked={false}
              className="hidden"
              disabled={undefined}
              id={undefined}
              name="system"
              onClick={[Function]}
              readOnly={true}
              tabIndex={0}
              type="checkbox"
              value={undefined}
            />
            <label
              htmlFor={undefined}
            />
          </div>
        </th>
        <th
          className=""
        />
      </tr>
    </thead>
    <tbody
      className=""
    >
      <tr
        className=""
      >
        <td
          className=""
          colSpan={6}
        >
          <div
            className="ui active centered inline loader"
          >
            
          </div>
        </td>
      </tr>
    </tbody>
  </table>
</div>
`;
