// Jest Snapshot v1, https://goo.gl/fbAQLP

exports[`EditLibraryForm Render form 1`] = `
<div>
  <div
    className="ui header"
  >
    Test
  </div>
  <div>
    <div
      className="ui pointing secondary menu"
    >
      <a
        className="active item"
        onClick={[Function]}
      >
        
      </a>
      <a
        className="item"
        onClick={[Function]}
      >
        
      </a>
    </div>
    <div
      className="ui bottom attached segment active tab"
    >
      <form
        action={undefined}
        className="ui form"
        onSubmit={[Function]}
      >
        <div
          className="field"
        >
          <label>
            
          </label>
          <div
            className="disabled field"
          >
            <div
              className="ui disabled input"
              content={undefined}
            >
              <input
                disabled={true}
                name="id"
                onChange={[Function]}
                required={undefined}
                tabIndex={-1}
                type="text"
                value="test"
              />
            </div>
          </div>
        </div>
        <div
          className="grouped fields"
        >
          <label>
            
          </label>
          <div
            className="field"
          >
            <label>
              fr
            </label>
            <div
              className="field"
            >
              <div
                className="ui input"
                content={undefined}
              >
                <input
                  disabled={undefined}
                  name="label/fr"
                  onChange={[Function]}
                  required={undefined}
                  tabIndex={undefined}
                  type="text"
                  value="Test"
                />
              </div>
            </div>
          </div>
          <div
            className="field"
          >
            <label>
              en
            </label>
            <div
              className="field"
            >
              <div
                className="ui input"
                content={undefined}
              >
                <input
                  disabled={undefined}
                  name="label/en"
                  onChange={[Function]}
                  required={undefined}
                  tabIndex={undefined}
                  type="text"
                  value=""
                />
              </div>
            </div>
          </div>
        </div>
        <div
          className="fields"
          style={
            Object {
              "marginTop": 10,
            }
          }
        >
          <div
            className="field"
          >
            <button
              className="ui button"
              disabled={undefined}
              onClick={[Function]}
              required={undefined}
              role="button"
              tabIndex={undefined}
              type={undefined}
            >
              
            </button>
          </div>
        </div>
      </form>
    </div>
  </div>
</div>
`;
