// Jest Snapshot v1, https://goo.gl/fbAQLP

exports[`FormRepo Create form 1`] = `"INSERT @value0 IN @@value1 RETURN NEW"`;

exports[`FormRepo Create form 2`] = `
Object {
  "@value1": "core_forms",
  "value0": Object {
    "_key": "my_lib__test_form",
    "dependencyAttributes": Array [],
    "fields": Array [
      Object {
        "fields": Array [
          Object {
            "attribute": "test_attribute",
            "containerId": "some_container",
            "required": false,
            "type": "input_field",
          },
        ],
      },
    ],
    "id": "test_form",
    "label": Object {
      "fr": "Test Form",
    },
    "layout": Array [
      Object {
        "id": "some_container",
        "type": "fields_container",
      },
    ],
    "library": "my_lib",
    "system": false,
  },
}
`;

exports[`FormRepo Delete form 1`] = `"REMOVE @value0 IN @@value1 RETURN OLD"`;

exports[`FormRepo Delete form 2`] = `
Object {
  "@value1": "core_forms",
  "value0": Object {
    "_key": "my_lib__test_form",
    "dependencyAttributes": Array [],
    "fields": Array [
      Object {
        "fields": Array [
          Object {
            "attribute": "test_attribute",
            "containerId": "some_container",
            "required": false,
            "type": "input_field",
          },
        ],
      },
    ],
    "id": "test_form",
    "label": Object {
      "fr": "Test Form",
    },
    "layout": Array [
      Object {
        "id": "some_container",
        "type": "fields_container",
      },
    ],
    "library": "my_lib",
    "system": false,
  },
}
`;

exports[`FormRepo Update form 1`] = `"UPDATE @value0 IN @@value1 RETURN NEW"`;

exports[`FormRepo Update form 2`] = `
Object {
  "@value1": "core_forms",
  "value0": Object {
    "_key": "my_lib__test_form",
    "dependencyAttributes": Array [],
    "fields": Array [
      Object {
        "fields": Array [
          Object {
            "attribute": "test_attribute",
            "containerId": "some_container",
            "required": false,
            "type": "input_field",
          },
        ],
      },
    ],
    "id": "test_form",
    "label": Object {
      "fr": "Test Form",
    },
    "layout": Array [
      Object {
        "id": "some_container",
        "type": "fields_container",
      },
    ],
    "library": "my_lib",
    "system": false,
  },
}
`;
