// Jest Snapshot v1, https://goo.gl/fbAQLP

exports[`Router Snapshot test 1`] = `
initialize {
  "0": Object {
    "attribs": Object {
      "class": "height100",
    },
    "children": Array [
      Object {
        "attribs": Object {
          "class": "ui inverted vertical labeled icon ui push left thin visible sidebar menu",
        },
        "children": Array [
          Object {
            "attribs": Object {
              "href": "/",
            },
            "children": Array [
              Object {
                "attribs": Object {
                  "class": "item",
                },
                "children": Array [
                  Object {
                    "attribs": Object {
                      "aria-hidden": "true",
                      "class": "home icon",
                    },
                    "children": Array [],
                    "name": "i",
                    "namespace": "http://www.w3.org/1999/xhtml",
                    "next": Object {
                      "data": "Home",
                      "next": null,
                      "parent": [Circular],
                      "prev": [Circular],
                      "type": "text",
                    },
                    "parent": [Circular],
                    "prev": null,
                    "type": "tag",
                    "x-attribsNamespace": Object {
                      "aria-hidden": undefined,
                      "class": undefined,
                    },
                    "x-attribsPrefix": Object {
                      "aria-hidden": undefined,
                      "class": undefined,
                    },
                  },
                  Object {
                    "data": "Home",
                    "next": null,
                    "parent": [Circular],
                    "prev": Object {
                      "attribs": Object {
                        "aria-hidden": "true",
                        "class": "home icon",
                      },
                      "children": Array [],
                      "name": "i",
                      "namespace": "http://www.w3.org/1999/xhtml",
                      "next": [Circular],
                      "parent": [Circular],
                      "prev": null,
                      "type": "tag",
                      "x-attribsNamespace": Object {
                        "aria-hidden": undefined,
                        "class": undefined,
                      },
                      "x-attribsPrefix": Object {
                        "aria-hidden": undefined,
                        "class": undefined,
                      },
                    },
                    "type": "text",
                  },
                ],
                "name": "span",
                "namespace": "http://www.w3.org/1999/xhtml",
                "next": null,
                "parent": [Circular],
                "prev": null,
                "type": "tag",
                "x-attribsNamespace": Object {
                  "class": undefined,
                },
                "x-attribsPrefix": Object {
                  "class": undefined,
                },
              },
            ],
            "name": "a",
            "namespace": "http://www.w3.org/1999/xhtml",
            "next": Object {
              "attribs": Object {
                "href": "/setting",
              },
              "children": Array [
                Object {
                  "attribs": Object {
                    "class": "item",
                  },
                  "children": Array [
                    Object {
                      "attribs": Object {
                        "aria-hidden": "true",
                        "class": "setting icon",
                      },
                      "children": Array [],
                      "name": "i",
                      "namespace": "http://www.w3.org/1999/xhtml",
                      "next": Object {
                        "data": "Setting",
                        "next": null,
                        "parent": [Circular],
                        "prev": [Circular],
                        "type": "text",
                      },
                      "parent": [Circular],
                      "prev": null,
                      "type": "tag",
                      "x-attribsNamespace": Object {
                        "aria-hidden": undefined,
                        "class": undefined,
                      },
                      "x-attribsPrefix": Object {
                        "aria-hidden": undefined,
                        "class": undefined,
                      },
                    },
                    Object {
                      "data": "Setting",
                      "next": null,
                      "parent": [Circular],
                      "prev": Object {
                        "attribs": Object {
                          "aria-hidden": "true",
                          "class": "setting icon",
                        },
                        "children": Array [],
                        "name": "i",
                        "namespace": "http://www.w3.org/1999/xhtml",
                        "next": [Circular],
                        "parent": [Circular],
                        "prev": null,
                        "type": "tag",
                        "x-attribsNamespace": Object {
                          "aria-hidden": undefined,
                          "class": undefined,
                        },
                        "x-attribsPrefix": Object {
                          "aria-hidden": undefined,
                          "class": undefined,
                        },
                      },
                      "type": "text",
                    },
                  ],
                  "name": "span",
                  "namespace": "http://www.w3.org/1999/xhtml",
                  "next": null,
                  "parent": [Circular],
                  "prev": null,
                  "type": "tag",
                  "x-attribsNamespace": Object {
                    "class": undefined,
                  },
                  "x-attribsPrefix": Object {
                    "class": undefined,
                  },
                },
              ],
              "name": "a",
              "namespace": "http://www.w3.org/1999/xhtml",
              "next": null,
              "parent": [Circular],
              "prev": [Circular],
              "type": "tag",
              "x-attribsNamespace": Object {
                "href": undefined,
              },
              "x-attribsPrefix": Object {
                "href": undefined,
              },
            },
            "parent": [Circular],
            "prev": null,
            "type": "tag",
            "x-attribsNamespace": Object {
              "href": undefined,
            },
            "x-attribsPrefix": Object {
              "href": undefined,
            },
          },
          Object {
            "attribs": Object {
              "href": "/setting",
            },
            "children": Array [
              Object {
                "attribs": Object {
                  "class": "item",
                },
                "children": Array [
                  Object {
                    "attribs": Object {
                      "aria-hidden": "true",
                      "class": "setting icon",
                    },
                    "children": Array [],
                    "name": "i",
                    "namespace": "http://www.w3.org/1999/xhtml",
                    "next": Object {
                      "data": "Setting",
                      "next": null,
                      "parent": [Circular],
                      "prev": [Circular],
                      "type": "text",
                    },
                    "parent": [Circular],
                    "prev": null,
                    "type": "tag",
                    "x-attribsNamespace": Object {
                      "aria-hidden": undefined,
                      "class": undefined,
                    },
                    "x-attribsPrefix": Object {
                      "aria-hidden": undefined,
                      "class": undefined,
                    },
                  },
                  Object {
                    "data": "Setting",
                    "next": null,
                    "parent": [Circular],
                    "prev": Object {
                      "attribs": Object {
                        "aria-hidden": "true",
                        "class": "setting icon",
                      },
                      "children": Array [],
                      "name": "i",
                      "namespace": "http://www.w3.org/1999/xhtml",
                      "next": [Circular],
                      "parent": [Circular],
                      "prev": null,
                      "type": "tag",
                      "x-attribsNamespace": Object {
                        "aria-hidden": undefined,
                        "class": undefined,
                      },
                      "x-attribsPrefix": Object {
                        "aria-hidden": undefined,
                        "class": undefined,
                      },
                    },
                    "type": "text",
                  },
                ],
                "name": "span",
                "namespace": "http://www.w3.org/1999/xhtml",
                "next": null,
                "parent": [Circular],
                "prev": null,
                "type": "tag",
                "x-attribsNamespace": Object {
                  "class": undefined,
                },
                "x-attribsPrefix": Object {
                  "class": undefined,
                },
              },
            ],
            "name": "a",
            "namespace": "http://www.w3.org/1999/xhtml",
            "next": null,
            "parent": [Circular],
            "prev": Object {
              "attribs": Object {
                "href": "/",
              },
              "children": Array [
                Object {
                  "attribs": Object {
                    "class": "item",
                  },
                  "children": Array [
                    Object {
                      "attribs": Object {
                        "aria-hidden": "true",
                        "class": "home icon",
                      },
                      "children": Array [],
                      "name": "i",
                      "namespace": "http://www.w3.org/1999/xhtml",
                      "next": Object {
                        "data": "Home",
                        "next": null,
                        "parent": [Circular],
                        "prev": [Circular],
                        "type": "text",
                      },
                      "parent": [Circular],
                      "prev": null,
                      "type": "tag",
                      "x-attribsNamespace": Object {
                        "aria-hidden": undefined,
                        "class": undefined,
                      },
                      "x-attribsPrefix": Object {
                        "aria-hidden": undefined,
                        "class": undefined,
                      },
                    },
                    Object {
                      "data": "Home",
                      "next": null,
                      "parent": [Circular],
                      "prev": Object {
                        "attribs": Object {
                          "aria-hidden": "true",
                          "class": "home icon",
                        },
                        "children": Array [],
                        "name": "i",
                        "namespace": "http://www.w3.org/1999/xhtml",
                        "next": [Circular],
                        "parent": [Circular],
                        "prev": null,
                        "type": "tag",
                        "x-attribsNamespace": Object {
                          "aria-hidden": undefined,
                          "class": undefined,
                        },
                        "x-attribsPrefix": Object {
                          "aria-hidden": undefined,
                          "class": undefined,
                        },
                      },
                      "type": "text",
                    },
                  ],
                  "name": "span",
                  "namespace": "http://www.w3.org/1999/xhtml",
                  "next": null,
                  "parent": [Circular],
                  "prev": null,
                  "type": "tag",
                  "x-attribsNamespace": Object {
                    "class": undefined,
                  },
                  "x-attribsPrefix": Object {
                    "class": undefined,
                  },
                },
              ],
              "name": "a",
              "namespace": "http://www.w3.org/1999/xhtml",
              "next": [Circular],
              "parent": [Circular],
              "prev": null,
              "type": "tag",
              "x-attribsNamespace": Object {
                "href": undefined,
              },
              "x-attribsPrefix": Object {
                "href": undefined,
              },
            },
            "type": "tag",
            "x-attribsNamespace": Object {
              "href": undefined,
            },
            "x-attribsPrefix": Object {
              "href": undefined,
            },
          },
        ],
        "name": "div",
        "namespace": "http://www.w3.org/1999/xhtml",
        "next": Object {
          "attribs": Object {
            "class": "pusher",
          },
          "children": Array [
            Object {
              "attribs": Object {},
              "children": Array [
                Object {
                  "attribs": Object {
                    "class": "ui header",
                  },
                  "children": Array [
                    Object {
                      "data": "Home",
                      "next": null,
                      "parent": [Circular],
                      "prev": null,
                      "type": "text",
                    },
                  ],
                  "name": "div",
                  "namespace": "http://www.w3.org/1999/xhtml",
                  "next": null,
                  "parent": [Circular],
                  "prev": null,
                  "type": "tag",
                  "x-attribsNamespace": Object {
                    "class": undefined,
                  },
                  "x-attribsPrefix": Object {
                    "class": undefined,
                  },
                },
              ],
              "name": "div",
              "namespace": "http://www.w3.org/1999/xhtml",
              "next": null,
              "parent": [Circular],
              "prev": null,
              "type": "tag",
              "x-attribsNamespace": Object {},
              "x-attribsPrefix": Object {},
            },
          ],
          "name": "div",
          "namespace": "http://www.w3.org/1999/xhtml",
          "next": null,
          "parent": [Circular],
          "prev": [Circular],
          "type": "tag",
          "x-attribsNamespace": Object {
            "class": undefined,
          },
          "x-attribsPrefix": Object {
            "class": undefined,
          },
        },
        "parent": [Circular],
        "prev": null,
        "type": "tag",
        "x-attribsNamespace": Object {
          "class": undefined,
        },
        "x-attribsPrefix": Object {
          "class": undefined,
        },
      },
      Object {
        "attribs": Object {
          "class": "pusher",
        },
        "children": Array [
          Object {
            "attribs": Object {},
            "children": Array [
              Object {
                "attribs": Object {
                  "class": "ui header",
                },
                "children": Array [
                  Object {
                    "data": "Home",
                    "next": null,
                    "parent": [Circular],
                    "prev": null,
                    "type": "text",
                  },
                ],
                "name": "div",
                "namespace": "http://www.w3.org/1999/xhtml",
                "next": null,
                "parent": [Circular],
                "prev": null,
                "type": "tag",
                "x-attribsNamespace": Object {
                  "class": undefined,
                },
                "x-attribsPrefix": Object {
                  "class": undefined,
                },
              },
            ],
            "name": "div",
            "namespace": "http://www.w3.org/1999/xhtml",
            "next": null,
            "parent": [Circular],
            "prev": null,
            "type": "tag",
            "x-attribsNamespace": Object {},
            "x-attribsPrefix": Object {},
          },
        ],
        "name": "div",
        "namespace": "http://www.w3.org/1999/xhtml",
        "next": null,
        "parent": [Circular],
        "prev": Object {
          "attribs": Object {
            "class": "ui inverted vertical labeled icon ui push left thin visible sidebar menu",
          },
          "children": Array [
            Object {
              "attribs": Object {
                "href": "/",
              },
              "children": Array [
                Object {
                  "attribs": Object {
                    "class": "item",
                  },
                  "children": Array [
                    Object {
                      "attribs": Object {
                        "aria-hidden": "true",
                        "class": "home icon",
                      },
                      "children": Array [],
                      "name": "i",
                      "namespace": "http://www.w3.org/1999/xhtml",
                      "next": Object {
                        "data": "Home",
                        "next": null,
                        "parent": [Circular],
                        "prev": [Circular],
                        "type": "text",
                      },
                      "parent": [Circular],
                      "prev": null,
                      "type": "tag",
                      "x-attribsNamespace": Object {
                        "aria-hidden": undefined,
                        "class": undefined,
                      },
                      "x-attribsPrefix": Object {
                        "aria-hidden": undefined,
                        "class": undefined,
                      },
                    },
                    Object {
                      "data": "Home",
                      "next": null,
                      "parent": [Circular],
                      "prev": Object {
                        "attribs": Object {
                          "aria-hidden": "true",
                          "class": "home icon",
                        },
                        "children": Array [],
                        "name": "i",
                        "namespace": "http://www.w3.org/1999/xhtml",
                        "next": [Circular],
                        "parent": [Circular],
                        "prev": null,
                        "type": "tag",
                        "x-attribsNamespace": Object {
                          "aria-hidden": undefined,
                          "class": undefined,
                        },
                        "x-attribsPrefix": Object {
                          "aria-hidden": undefined,
                          "class": undefined,
                        },
                      },
                      "type": "text",
                    },
                  ],
                  "name": "span",
                  "namespace": "http://www.w3.org/1999/xhtml",
                  "next": null,
                  "parent": [Circular],
                  "prev": null,
                  "type": "tag",
                  "x-attribsNamespace": Object {
                    "class": undefined,
                  },
                  "x-attribsPrefix": Object {
                    "class": undefined,
                  },
                },
              ],
              "name": "a",
              "namespace": "http://www.w3.org/1999/xhtml",
              "next": Object {
                "attribs": Object {
                  "href": "/setting",
                },
                "children": Array [
                  Object {
                    "attribs": Object {
                      "class": "item",
                    },
                    "children": Array [
                      Object {
                        "attribs": Object {
                          "aria-hidden": "true",
                          "class": "setting icon",
                        },
                        "children": Array [],
                        "name": "i",
                        "namespace": "http://www.w3.org/1999/xhtml",
                        "next": Object {
                          "data": "Setting",
                          "next": null,
                          "parent": [Circular],
                          "prev": [Circular],
                          "type": "text",
                        },
                        "parent": [Circular],
                        "prev": null,
                        "type": "tag",
                        "x-attribsNamespace": Object {
                          "aria-hidden": undefined,
                          "class": undefined,
                        },
                        "x-attribsPrefix": Object {
                          "aria-hidden": undefined,
                          "class": undefined,
                        },
                      },
                      Object {
                        "data": "Setting",
                        "next": null,
                        "parent": [Circular],
                        "prev": Object {
                          "attribs": Object {
                            "aria-hidden": "true",
                            "class": "setting icon",
                          },
                          "children": Array [],
                          "name": "i",
                          "namespace": "http://www.w3.org/1999/xhtml",
                          "next": [Circular],
                          "parent": [Circular],
                          "prev": null,
                          "type": "tag",
                          "x-attribsNamespace": Object {
                            "aria-hidden": undefined,
                            "class": undefined,
                          },
                          "x-attribsPrefix": Object {
                            "aria-hidden": undefined,
                            "class": undefined,
                          },
                        },
                        "type": "text",
                      },
                    ],
                    "name": "span",
                    "namespace": "http://www.w3.org/1999/xhtml",
                    "next": null,
                    "parent": [Circular],
                    "prev": null,
                    "type": "tag",
                    "x-attribsNamespace": Object {
                      "class": undefined,
                    },
                    "x-attribsPrefix": Object {
                      "class": undefined,
                    },
                  },
                ],
                "name": "a",
                "namespace": "http://www.w3.org/1999/xhtml",
                "next": null,
                "parent": [Circular],
                "prev": [Circular],
                "type": "tag",
                "x-attribsNamespace": Object {
                  "href": undefined,
                },
                "x-attribsPrefix": Object {
                  "href": undefined,
                },
              },
              "parent": [Circular],
              "prev": null,
              "type": "tag",
              "x-attribsNamespace": Object {
                "href": undefined,
              },
              "x-attribsPrefix": Object {
                "href": undefined,
              },
            },
            Object {
              "attribs": Object {
                "href": "/setting",
              },
              "children": Array [
                Object {
                  "attribs": Object {
                    "class": "item",
                  },
                  "children": Array [
                    Object {
                      "attribs": Object {
                        "aria-hidden": "true",
                        "class": "setting icon",
                      },
                      "children": Array [],
                      "name": "i",
                      "namespace": "http://www.w3.org/1999/xhtml",
                      "next": Object {
                        "data": "Setting",
                        "next": null,
                        "parent": [Circular],
                        "prev": [Circular],
                        "type": "text",
                      },
                      "parent": [Circular],
                      "prev": null,
                      "type": "tag",
                      "x-attribsNamespace": Object {
                        "aria-hidden": undefined,
                        "class": undefined,
                      },
                      "x-attribsPrefix": Object {
                        "aria-hidden": undefined,
                        "class": undefined,
                      },
                    },
                    Object {
                      "data": "Setting",
                      "next": null,
                      "parent": [Circular],
                      "prev": Object {
                        "attribs": Object {
                          "aria-hidden": "true",
                          "class": "setting icon",
                        },
                        "children": Array [],
                        "name": "i",
                        "namespace": "http://www.w3.org/1999/xhtml",
                        "next": [Circular],
                        "parent": [Circular],
                        "prev": null,
                        "type": "tag",
                        "x-attribsNamespace": Object {
                          "aria-hidden": undefined,
                          "class": undefined,
                        },
                        "x-attribsPrefix": Object {
                          "aria-hidden": undefined,
                          "class": undefined,
                        },
                      },
                      "type": "text",
                    },
                  ],
                  "name": "span",
                  "namespace": "http://www.w3.org/1999/xhtml",
                  "next": null,
                  "parent": [Circular],
                  "prev": null,
                  "type": "tag",
                  "x-attribsNamespace": Object {
                    "class": undefined,
                  },
                  "x-attribsPrefix": Object {
                    "class": undefined,
                  },
                },
              ],
              "name": "a",
              "namespace": "http://www.w3.org/1999/xhtml",
              "next": null,
              "parent": [Circular],
              "prev": Object {
                "attribs": Object {
                  "href": "/",
                },
                "children": Array [
                  Object {
                    "attribs": Object {
                      "class": "item",
                    },
                    "children": Array [
                      Object {
                        "attribs": Object {
                          "aria-hidden": "true",
                          "class": "home icon",
                        },
                        "children": Array [],
                        "name": "i",
                        "namespace": "http://www.w3.org/1999/xhtml",
                        "next": Object {
                          "data": "Home",
                          "next": null,
                          "parent": [Circular],
                          "prev": [Circular],
                          "type": "text",
                        },
                        "parent": [Circular],
                        "prev": null,
                        "type": "tag",
                        "x-attribsNamespace": Object {
                          "aria-hidden": undefined,
                          "class": undefined,
                        },
                        "x-attribsPrefix": Object {
                          "aria-hidden": undefined,
                          "class": undefined,
                        },
                      },
                      Object {
                        "data": "Home",
                        "next": null,
                        "parent": [Circular],
                        "prev": Object {
                          "attribs": Object {
                            "aria-hidden": "true",
                            "class": "home icon",
                          },
                          "children": Array [],
                          "name": "i",
                          "namespace": "http://www.w3.org/1999/xhtml",
                          "next": [Circular],
                          "parent": [Circular],
                          "prev": null,
                          "type": "tag",
                          "x-attribsNamespace": Object {
                            "aria-hidden": undefined,
                            "class": undefined,
                          },
                          "x-attribsPrefix": Object {
                            "aria-hidden": undefined,
                            "class": undefined,
                          },
                        },
                        "type": "text",
                      },
                    ],
                    "name": "span",
                    "namespace": "http://www.w3.org/1999/xhtml",
                    "next": null,
                    "parent": [Circular],
                    "prev": null,
                    "type": "tag",
                    "x-attribsNamespace": Object {
                      "class": undefined,
                    },
                    "x-attribsPrefix": Object {
                      "class": undefined,
                    },
                  },
                ],
                "name": "a",
                "namespace": "http://www.w3.org/1999/xhtml",
                "next": [Circular],
                "parent": [Circular],
                "prev": null,
                "type": "tag",
                "x-attribsNamespace": Object {
                  "href": undefined,
                },
                "x-attribsPrefix": Object {
                  "href": undefined,
                },
              },
              "type": "tag",
              "x-attribsNamespace": Object {
                "href": undefined,
              },
              "x-attribsPrefix": Object {
                "href": undefined,
              },
            },
          ],
          "name": "div",
          "namespace": "http://www.w3.org/1999/xhtml",
          "next": [Circular],
          "parent": [Circular],
          "prev": null,
          "type": "tag",
          "x-attribsNamespace": Object {
            "class": undefined,
          },
          "x-attribsPrefix": Object {
            "class": undefined,
          },
        },
        "type": "tag",
        "x-attribsNamespace": Object {
          "class": undefined,
        },
        "x-attribsPrefix": Object {
          "class": undefined,
        },
      },
    ],
    "name": "div",
    "namespace": "http://www.w3.org/1999/xhtml",
    "next": null,
    "parent": null,
    "prev": null,
    "root": Object {
      "attribs": Object {},
      "children": Array [
        [Circular],
      ],
      "name": "root",
      "namespace": "http://www.w3.org/1999/xhtml",
      "next": null,
      "parent": null,
      "prev": null,
      "type": "root",
      "x-attribsNamespace": Object {},
      "x-attribsPrefix": Object {},
    },
    "type": "tag",
    "x-attribsNamespace": Object {
      "class": undefined,
    },
    "x-attribsPrefix": Object {
      "class": undefined,
    },
  },
  "_root": [Circular],
  "length": 1,
  "options": Object {
    "decodeEntities": true,
    "normalizeWhitespace": false,
    "withDomLvl1": true,
    "xml": false,
  },
}
`;
