// Jest Snapshot v1, https://goo.gl/fbAQLP

exports[`UserDataRepo get user data 1`] = `
"
                    LET userData = 
                        FIRST(FOR e IN @@value0
                            FILTER e.userId == @value1
                        RETURN e)

                    LET MERGED = MERGE(userData.data || {}, userData.core_data || {})

                    RETURN KEEP(MERGED, @value2)
                "
`;

exports[`UserDataRepo get user data 2`] = `
{
  "@value0": "core_user_data",
  "value1": "1",
  "value2": [
    "test",
  ],
}
`;

exports[`UserDataRepo save user data 1`] = `
"
                    UPSERT @value0
                    INSERT @value1
                    UPDATE @value2
                    IN @@value3
                    OPTIONS { mergeObjects: true, keepNull: false }
                    RETURN NEW"
`;

exports[`UserDataRepo save user data 2`] = `
{
  "@value3": "core_user_data",
  "value0": {
    "userId": "1",
  },
  "value1": {
    "data": {
      "test": "value",
    },
    "userId": "1",
  },
  "value2": {
    "data": {
      "test": "value",
    },
  },
}
`;
