// Jest Snapshot v1, https://goo.gl/fbAQLP

exports[`ForbiddenRoute Snapshot test 1`] = `
initialize {
  "0": Node {
    "attribs": Object {},
    "children": Array [
      Node {
        "attribs": Object {
          "aria-hidden": "true",
          "class": "ban icon",
        },
        "children": Array [],
        "name": "i",
        "namespace": "http://www.w3.org/1999/xhtml",
        "next": Node {
          "data": "admin.forbidden_route",
          "next": null,
          "parent": [Circular],
          "prev": [Circular],
          "type": "text",
        },
        "parent": [Circular],
        "prev": null,
        "type": "tag",
        "x-attribsNamespace": Object {
          "aria-hidden": undefined,
          "class": undefined,
        },
        "x-attribsPrefix": Object {
          "aria-hidden": undefined,
          "class": undefined,
        },
      },
      Node {
        "data": "admin.forbidden_route",
        "next": null,
        "parent": [Circular],
        "prev": Node {
          "attribs": Object {
            "aria-hidden": "true",
            "class": "ban icon",
          },
          "children": Array [],
          "name": "i",
          "namespace": "http://www.w3.org/1999/xhtml",
          "next": [Circular],
          "parent": [Circular],
          "prev": null,
          "type": "tag",
          "x-attribsNamespace": Object {
            "aria-hidden": undefined,
            "class": undefined,
          },
          "x-attribsPrefix": Object {
            "aria-hidden": undefined,
            "class": undefined,
          },
        },
        "type": "text",
      },
    ],
    "name": "h3",
    "namespace": "http://www.w3.org/1999/xhtml",
    "next": null,
    "parent": Node {
      "children": Array [
        [Circular],
      ],
      "name": "root",
      "next": null,
      "parent": null,
      "prev": null,
      "type": "root",
    },
    "prev": null,
    "type": "tag",
    "x-attribsNamespace": Object {},
    "x-attribsPrefix": Object {},
  },
  "_root": [Circular],
  "length": 1,
  "options": Object {
    "decodeEntities": true,
    "xml": false,
  },
}
`;
